2026-07-22T21:35:30Z
L3 test completed.